Component: ARM Compiler 5.06 update 6 (build 750) Tool: armlink [4d35ed]

==============================================================================

Small function inlining results

Inlined total of 0 calls.

==============================================================================

Image Symbol Table

    Local Symbols

    Symbol Name                              Value     Ov Type        Size  Object(Section)

    RESET                                    0x00000000   Section      500  startup_m480.o(RESET)
    ../clib/microlib/division.c              0x00000000   Number         0  uldiv.o ABSOLUTE
    ../clib/microlib/division.c              0x00000000   Number         0  uidiv.o ABSOLUTE
    ../clib/microlib/init/entry.s            0x00000000   Number         0  entry8b.o ABSOLUTE
    ../clib/microlib/init/entry.s            0x00000000   Number         0  entry8a.o ABSOLUTE
    ../clib/microlib/init/entry.s            0x00000000   Number         0  entry11b.o ABSOLUTE
    ../clib/microlib/init/entry.s            0x00000000   Number         0  entry7b.o ABSOLUTE
    ../clib/microlib/init/entry.s            0x00000000   Number         0  entry2.o ABSOLUTE
    ../clib/microlib/init/entry.s            0x00000000   Number         0  entry.o ABSOLUTE
    ../clib/microlib/init/entry.s            0x00000000   Number         0  entry11a.o ABSOLUTE
    ../clib/microlib/init/entry.s            0x00000000   Number         0  entry9a.o ABSOLUTE
    ../clib/microlib/init/entry.s            0x00000000   Number         0  entry9b.o ABSOLUTE
    ../clib/microlib/init/entry.s            0x00000000   Number         0  entry10b.o ABSOLUTE
    ../clib/microlib/init/entry.s            0x00000000   Number         0  entry7a.o ABSOLUTE
    ../clib/microlib/init/entry.s            0x00000000   Number         0  entry10a.o ABSOLUTE
    ../clib/microlib/init/entry.s            0x00000000   Number         0  entry5.o ABSOLUTE
    ../clib/microlib/longlong.c              0x00000000   Number         0  llushr.o ABSOLUTE
    ../clib/microlib/longlong.c              0x00000000   Number         0  llshl.o ABSOLUTE
    ../clib/microlib/longlong.c              0x00000000   Number         0  llsshr.o ABSOLUTE
    ../clib/microlib/printf/printf.c         0x00000000   Number         0  printf3.o ABSOLUTE
    ../clib/microlib/printf/printf.c         0x00000000   Number         0  printf2.o ABSOLUTE
    ../clib/microlib/printf/printf.c         0x00000000   Number         0  printf1.o ABSOLUTE
    ../clib/microlib/printf/printf.c         0x00000000   Number         0  printf4.o ABSOLUTE
    ../clib/microlib/printf/printf.c         0x00000000   Number         0  printf5.o ABSOLUTE
    ../clib/microlib/printf/printf.c         0x00000000   Number         0  printf6.o ABSOLUTE
    ../clib/microlib/printf/printf.c         0x00000000   Number         0  printfa.o ABSOLUTE
    ../clib/microlib/printf/printf.c         0x00000000   Number         0  printf8.o ABSOLUTE
    ../clib/microlib/printf/printf.c         0x00000000   Number         0  printf7.o ABSOLUTE
    ../clib/microlib/printf/printf.c         0x00000000   Number         0  printfb.o ABSOLUTE
    ../clib/microlib/printf/printf.c         0x00000000   Number         0  printf0.o ABSOLUTE
    ../clib/microlib/printf/stubs.s          0x00000000   Number         0  stubs.o ABSOLUTE
    ../clib/microlib/string/memcpy.c         0x00000000   Number         0  memcpya.o ABSOLUTE
    ../clib/microlib/string/memcpy.c         0x00000000   Number         0  memcpyb.o ABSOLUTE
    ../clib/microlib/string/strlen.c         0x00000000   Number         0  strlen.o ABSOLUTE
    ../clib/microlib/stubs.s                 0x00000000   Number         0  iusefp.o ABSOLUTE
    ../fplib/microlib/fpadd.c                0x00000000   Number         0  dadd.o ABSOLUTE
    ../fplib/microlib/fpdiv.c                0x00000000   Number         0  ddiv.o ABSOLUTE
    ../fplib/microlib/fpepilogue.c           0x00000000   Number         0  depilogue.o ABSOLUTE
    ../fplib/microlib/fpfix.c                0x00000000   Number         0  dfixul.o ABSOLUTE
    ../fplib/microlib/fpmul.c                0x00000000   Number         0  dmul.o ABSOLUTE
    ..\..\..\Library\Device\Nuvoton\M480\Source\ARM\startup_M480.s 0x00000000   Number         0  startup_m480.o ABSOLUTE
    ..\..\..\Library\Device\Nuvoton\M480\Source\system_M480.c 0x00000000   Number         0  system_m480.o ABSOLUTE
    ..\..\..\Library\StdDriver\src\can.c     0x00000000   Number         0  can.o ABSOLUTE
    ..\..\..\Library\StdDriver\src\clk.c     0x00000000   Number         0  clk.o ABSOLUTE
    ..\..\..\Library\StdDriver\src\gpio.c    0x00000000   Number         0  gpio.o ABSOLUTE
    ..\..\..\Library\StdDriver\src\retarget.c 0x00000000   Number         0  retarget.o ABSOLUTE
    ..\..\..\Library\StdDriver\src\sys.c     0x00000000   Number         0  sys.o ABSOLUTE
    ..\..\..\Library\StdDriver\src\timer.c   0x00000000   Number         0  timer.o ABSOLUTE
    ..\..\..\Library\StdDriver\src\uart.c    0x00000000   Number         0  uart.o ABSOLUTE
    ..\\..\\..\\Library\\Device\\Nuvoton\\M480\\Source\\system_M480.c 0x00000000   Number         0  system_m480.o ABSOLUTE
    ..\\..\\..\\Library\\StdDriver\\src\\can.c 0x00000000   Number         0  can.o ABSOLUTE
    ..\\..\\..\\Library\\StdDriver\\src\\clk.c 0x00000000   Number         0  clk.o ABSOLUTE
    ..\\..\\..\\Library\\StdDriver\\src\\gpio.c 0x00000000   Number         0  gpio.o ABSOLUTE
    ..\\..\\..\\Library\\StdDriver\\src\\retarget.c 0x00000000   Number         0  retarget.o ABSOLUTE
    ..\\..\\..\\Library\\StdDriver\\src\\sys.c 0x00000000   Number         0  sys.o ABSOLUTE
    ..\\..\\..\\Library\\StdDriver\\src\\timer.c 0x00000000   Number         0  timer.o ABSOLUTE
    ..\\..\\..\\Library\\StdDriver\\src\\uart.c 0x00000000   Number         0  uart.o ABSOLUTE
    ..\\main.c                               0x00000000   Number         0  main.o ABSOLUTE
    ..\main.c                                0x00000000   Number         0  main.o ABSOLUTE
    ..\misc_config.c                         0x00000000   Number         0  misc_config.o ABSOLUTE
    cdrcmple.s                               0x00000000   Number         0  cdrcmple.o ABSOLUTE
    handlers.s                               0x00000000   Number         0  handlers.o ABSOLUTE
    init.s                                   0x00000000   Number         0  init.o ABSOLUTE
    .ARM.Collect$$$$00000000                 0x000001f4   Section        0  entry.o(.ARM.Collect$$$$00000000)
    .ARM.Collect$$$$00000001                 0x000001f4   Section        4  entry2.o(.ARM.Collect$$$$00000001)
    .ARM.Collect$$$$00000004                 0x000001f8   Section        4  entry5.o(.ARM.Collect$$$$00000004)
    .ARM.Collect$$$$00000008                 0x000001fc   Section        0  entry7b.o(.ARM.Collect$$$$00000008)
    .ARM.Collect$$$$0000000A                 0x000001fc   Section        0  entry8b.o(.ARM.Collect$$$$0000000A)
    .ARM.Collect$$$$0000000B                 0x000001fc   Section        8  entry9a.o(.ARM.Collect$$$$0000000B)
    .ARM.Collect$$$$0000000D                 0x00000204   Section        0  entry10a.o(.ARM.Collect$$$$0000000D)
    .ARM.Collect$$$$0000000F                 0x00000204   Section        0  entry11a.o(.ARM.Collect$$$$0000000F)
    .ARM.Collect$$$$00002712                 0x00000204   Section        4  entry2.o(.ARM.Collect$$$$00002712)
    __lit__00000000                          0x00000204   Data           4  entry2.o(.ARM.Collect$$$$00002712)
    .emb_text                                0x00000208   Section       28  retarget.o(.emb_text)
    $v0                                      0x00000208   Number         0  retarget.o(.emb_text)
    .text                                    0x00000224   Section      104  startup_m480.o(.text)
    $v0                                      0x00000224   Number         0  startup_m480.o(.text)
    Default_Handler                          0x00000277   Thumb Code     2  startup_m480.o(.text)
    .text                                    0x0000028c   Section        0  uldiv.o(.text)
    .text                                    0x000002ee   Section        0  memcpya.o(.text)
    .text                                    0x00000312   Section        0  strlen.o(.text)
    .text                                    0x00000320   Section        0  llshl.o(.text)
    .text                                    0x0000033e   Section        0  llushr.o(.text)
    .text                                    0x00000360   Section       36  init.o(.text)
    i.CAN0_IRQHandler                        0x00000384   Section        0  main.o(i.CAN0_IRQHandler)
    i.CAN_BasicReceiveMsg                    0x00000390   Section        0  can.o(i.CAN_BasicReceiveMsg)
    i.CAN_BasicSendMsg                       0x0000041c   Section        0  can.o(i.CAN_BasicSendMsg)
    i.CAN_CLR_INT_PENDING_BIT                0x000004d0   Section        0  can.o(i.CAN_CLR_INT_PENDING_BIT)
    i.CAN_EnableInt                          0x000004fc   Section        0  can.o(i.CAN_EnableInt)
    i.CAN_IRQHandler                         0x0000050c   Section        0  main.o(i.CAN_IRQHandler)
    i.CAN_Init                               0x000005e4   Section        0  main.o(i.CAN_Init)
    i.CAN_IsNewDataReceived                  0x000005f8   Section        0  can.o(i.CAN_IsNewDataReceived)
    i.CAN_LeaveInitMode                      0x00000610   Section        0  can.o(i.CAN_LeaveInitMode)
    i.CAN_MsgInterrupt                       0x00000630   Section        0  main.o(i.CAN_MsgInterrupt)
    i.CAN_Open                               0x00000650   Section        0  can.o(i.CAN_Open)
    i.CAN_ReadMsgObj                         0x0000066c   Section        0  can.o(i.CAN_ReadMsgObj)
    i.CAN_Receive                            0x00000738   Section        0  can.o(i.CAN_Receive)
    i.CAN_SetBaudRate                        0x00000760   Section        0  can.o(i.CAN_SetBaudRate)
    i.CAN_SetRxMsg                           0x000008fc   Section        0  can.o(i.CAN_SetRxMsg)
    i.CAN_SetRxMsgObj                        0x00000938   Section        0  can.o(i.CAN_SetRxMsgObj)
    i.CAN_SetRxMsgObj_Remote                 0x000009b8   Section        0  can.o(i.CAN_SetRxMsgObj_Remote)
    i.CAN_SetRxMsg_Remote                    0x00000a40   Section        0  can.o(i.CAN_SetRxMsg_Remote)
    i.CAN_SetTxMsg                           0x00000a7c   Section        0  can.o(i.CAN_SetTxMsg)
    i.CAN_Setup                              0x00000b10   Section        0  main.o(i.CAN_Setup)
    i.CAN_ShowMsg                            0x00000b30   Section        0  main.o(i.CAN_ShowMsg)
    i.CAN_Transmit                           0x00000c00   Section        0  can.o(i.CAN_Transmit)
    i.CAN_TriggerTxMsg                       0x00000c40   Section        0  can.o(i.CAN_TriggerTxMsg)
    i.CLK_DisablePLL                         0x00000ca4   Section        0  clk.o(i.CLK_DisablePLL)
    i.CLK_EnableModuleClock                  0x00000cb8   Section        0  clk.o(i.CLK_EnableModuleClock)
    i.CLK_EnablePLL                          0x00000cd4   Section        0  clk.o(i.CLK_EnablePLL)
    i.CLK_EnableXtalRC                       0x00000e28   Section        0  clk.o(i.CLK_EnableXtalRC)
    i.CLK_GetCPUFreq                         0x00000e38   Section        0  clk.o(i.CLK_GetCPUFreq)
    i.CLK_GetHCLKFreq                        0x00000e48   Section        0  clk.o(i.CLK_GetHCLKFreq)
    i.CLK_GetHXTFreq                         0x00000e58   Section        0  clk.o(i.CLK_GetHXTFreq)
    i.CLK_GetLXTFreq                         0x00000e6c   Section        0  clk.o(i.CLK_GetLXTFreq)
    i.CLK_GetPCLK0Freq                       0x00000e84   Section        0  clk.o(i.CLK_GetPCLK0Freq)
    i.CLK_GetPCLK1Freq                       0x00000ee8   Section        0  clk.o(i.CLK_GetPCLK1Freq)
    i.CLK_GetPLLClockFreq                    0x00000f50   Section        0  clk.o(i.CLK_GetPLLClockFreq)
    i.CLK_SetCoreClock                       0x00000fa0   Section        0  clk.o(i.CLK_SetCoreClock)
    i.CLK_SetHCLK                            0x00001024   Section        0  clk.o(i.CLK_SetHCLK)
    i.CLK_SetModuleClock                     0x00001088   Section        0  clk.o(i.CLK_SetModuleClock)
    i.CLK_WaitClockReady                     0x0000111c   Section        0  clk.o(i.CLK_WaitClockReady)
    i.DEVICE_SetRxMsg                        0x00001158   Section        0  main.o(i.DEVICE_SetRxMsg)
    i.DEVICE_SetTxMsg_Remote_Frame           0x000011dc   Section        0  main.o(i.DEVICE_SetTxMsg_Remote_Frame)
    i.DEVICE_Tx                              0x0000127c   Section        0  main.o(i.DEVICE_Tx)
    i.GPIO_Init                              0x00001390   Section        0  main.o(i.GPIO_Init)
    i.GPIO_SetMode                           0x000013d8   Section        0  gpio.o(i.GPIO_SetMode)
    i.Hard_Fault_Handler                     0x00001404   Section        0  retarget.o(i.Hard_Fault_Handler)
    __tagsym$$used                           0x00001405   Number         0  retarget.o(i.Hard_Fault_Handler)
    i.LockIF                                 0x0000142c   Section        0  can.o(i.LockIF)
    LockIF                                   0x0000142d   Thumb Code   104  can.o(i.LockIF)
    i.LockIF_TL                              0x000014a4   Section        0  can.o(i.LockIF_TL)
    LockIF_TL                                0x000014a5   Thumb Code    28  can.o(i.LockIF_TL)
    i.NVIC_EnableIRQ                         0x000014c0   Section        0  main.o(i.NVIC_EnableIRQ)
    NVIC_EnableIRQ                           0x000014c1   Thumb Code    22  main.o(i.NVIC_EnableIRQ)
    i.NVIC_SetPriority                       0x000014d6   Section        0  main.o(i.NVIC_SetPriority)
    NVIC_SetPriority                         0x000014d7   Thumb Code    32  main.o(i.NVIC_SetPriority)
    i.RS_PIN_Init                            0x000014f8   Section        0  main.o(i.RS_PIN_Init)
    i.ReleaseIF                              0x00001538   Section        0  can.o(i.ReleaseIF)
    ReleaseIF                                0x00001539   Thumb Code    66  can.o(i.ReleaseIF)
    i.SYS_ClearResetSrc                      0x0000158c   Section        0  sys.o(i.SYS_ClearResetSrc)
    i.SYS_GetResetSrc                        0x00001598   Section        0  sys.o(i.SYS_GetResetSrc)
    i.SYS_Init                               0x000015a0   Section        0  main.o(i.SYS_Init)
    i.SYS_ResetChip                          0x00001644   Section        0  sys.o(i.SYS_ResetChip)
    i.SYS_ResetModule                        0x00001654   Section        0  sys.o(i.SYS_ResetModule)
    i.SYS_UnlockReg                          0x0000166c   Section        0  main.o(i.SYS_UnlockReg)
    SYS_UnlockReg                            0x0000166d   Thumb Code    32  main.o(i.SYS_UnlockReg)
    i.SendChar                               0x0000168c   Section        0  retarget.o(i.SendChar)
    SendChar                                 0x0000168d   Thumb Code    26  retarget.o(i.SendChar)
    i.SysTick_Handler                        0x000016ac   Section        0  main.o(i.SysTick_Handler)
    i.SysTick_enable                         0x000016c4   Section        0  main.o(i.SysTick_enable)
    i.SystemCoreClockUpdate                  0x00001720   Section        0  system_m480.o(i.SystemCoreClockUpdate)
    i.SystemInit                             0x00001768   Section        0  system_m480.o(i.SystemInit)
    i.TIMER1_Init                            0x000017e0   Section        0  main.o(i.TIMER1_Init)
    i.TIMER_GetModuleClock                   0x00001810   Section        0  timer.o(i.TIMER_GetModuleClock)
    i.TIMER_Open                             0x00001888   Section        0  timer.o(i.TIMER_Open)
    i.TMR1_IRQHandler                        0x000018c0   Section        0  main.o(i.TMR1_IRQHandler)
    i.UART0_IRQHandler                       0x00001900   Section        0  main.o(i.UART0_IRQHandler)
    i.UART0_Init                             0x00001934   Section        0  main.o(i.UART0_Init)
    i.UART_ClearIntFlag                      0x00001a6c   Section        0  uart.o(i.UART_ClearIntFlag)
    i.UART_Open                              0x00001aa8   Section        0  uart.o(i.UART_Open)
    i.UART_SetTimeoutCnt                     0x00001bc0   Section        0  uart.o(i.UART_SetTimeoutCnt)
    i.UARTx_Process                          0x00001bd4   Section        0  main.o(i.UARTx_Process)
    i.__0printf$8                            0x00001c78   Section        0  printf8.o(i.__0printf$8)
    i.__scatterload_copy                     0x00001c98   Section       14  handlers.o(i.__scatterload_copy)
    i.__scatterload_null                     0x00001ca6   Section        2  handlers.o(i.__scatterload_null)
    i.__scatterload_zeroinit                 0x00001ca8   Section       14  handlers.o(i.__scatterload_zeroinit)
    i._printf_core                           0x00001cb8   Section        0  printf8.o(i._printf_core)
    _printf_core                             0x00001cb9   Thumb Code   996  printf8.o(i._printf_core)
    i._printf_post_padding                   0x000020c8   Section        0  printf8.o(i._printf_post_padding)
    _printf_post_padding                     0x000020c9   Thumb Code    36  printf8.o(i._printf_post_padding)
    i._printf_pre_padding                    0x000020ec   Section        0  printf8.o(i._printf_pre_padding)
    _printf_pre_padding                      0x000020ed   Thumb Code    46  printf8.o(i._printf_pre_padding)
    i.can_update_spt                         0x0000211a   Section        0  can.o(i.can_update_spt)
    can_update_spt                           0x0000211b   Thumb Code    72  can.o(i.can_update_spt)
    i.check_reset_source                     0x00002164   Section        0  main.o(i.check_reset_source)
    i.fputc                                  0x0000247c   Section        0  retarget.o(i.fputc)
    i.loop                                   0x00002488   Section        0  main.o(i.loop)
    i.main                                   0x000024c0   Section        0  main.o(i.main)
    i.stackDump                              0x000024f0   Section        0  retarget.o(i.stackDump)
    stackDump                                0x000024f1   Thumb Code    72  retarget.o(i.stackDump)
    i.systick_counter                        0x00002598   Section        0  main.o(i.systick_counter)
    i.tick_counter                           0x000025a8   Section        0  main.o(i.tick_counter)
    .constdata                               0x000025c4   Section       48  uart.o(.constdata)
    .constdata                               0x000025f4   Section       32  timer.o(.constdata)
    .constdata                               0x00002614   Section       39  main.o(.constdata)
    __FUNCTION__                             0x00002614   Data          29  main.o(.constdata)
    __FUNCTION__                             0x00002631   Data          10  main.o(.constdata)
    .data                                    0x20000000   Section       44  system_m480.o(.data)
    .data                                    0x2000002c   Section        4  retarget.o(.data)
    .data                                    0x20000030   Section        4  clk.o(.data)
    .data                                    0x20000034   Section        6  can.o(.data)
    gu8LockCanIf                             0x20000034   Data           6  can.o(.data)
    .data                                    0x2000003c   Section       20  main.o(.data)
    cnt                                      0x2000003c   Data           1  main.o(.data)
    cnt                                      0x20000048   Data           4  main.o(.data)
    .bss                                     0x20000050   Section       24  main.o(.bss)
    STACK                                    0x20000068   Section     2048  startup_m480.o(STACK)

    Global Symbols

    Symbol Name                              Value     Ov Type        Size  Object(Section)

    BuildAttributes$$THM_ISAv4$E$P$D$K$B$S$7EM$VFPi3$EXTD16$VFPS$VFMA$PE$A:L22UL41UL21$X:L11$S22US41US21$IEEE1$IW$USESV6$~STKCKD$USESV7$~SHL$OSPACE$ROPI$EBA8$MICROLIB$REQ8$PRES8$EABIv2 0x00000000   Number         0  anon$$obj.o ABSOLUTE
    __ARM_use_no_argv                        0x00000000   Number         0  main.o ABSOLUTE
    __Vectors                                0x00000000   Data           4  startup_m480.o(RESET)
    _printf_a                                0x00000000   Number         0  stubs.o ABSOLUTE
    _printf_c                                0x00000000   Number         0  stubs.o ABSOLUTE
    _printf_charcount                        0x00000000   Number         0  stubs.o ABSOLUTE
    _printf_d                                0x00000000   Number         0  stubs.o ABSOLUTE
    _printf_e                                0x00000000   Number         0  stubs.o ABSOLUTE
    _printf_f                                0x00000000   Number         0  stubs.o ABSOLUTE
    _printf_flags                            0x00000000   Number         0  stubs.o ABSOLUTE
    _printf_fp_dec                           0x00000000   Number         0  stubs.o ABSOLUTE
    _printf_fp_hex                           0x00000000   Number         0  stubs.o ABSOLUTE
    _printf_g                                0x00000000   Number         0  stubs.o ABSOLUTE
    _printf_i                                0x00000000   Number         0  stubs.o ABSOLUTE
    _printf_int_dec                          0x00000000   Number         0  stubs.o ABSOLUTE
    _printf_l                                0x00000000   Number         0  stubs.o ABSOLUTE
    _printf_lc                               0x00000000   Number         0  stubs.o ABSOLUTE
    _printf_ll                               0x00000000   Number         0  stubs.o ABSOLUTE
    _printf_lld                              0x00000000   Number         0  stubs.o ABSOLUTE
    _printf_lli                              0x00000000   Number         0  stubs.o ABSOLUTE
    _printf_llo                              0x00000000   Number         0  stubs.o ABSOLUTE
    _printf_llu                              0x00000000   Number         0  stubs.o ABSOLUTE
    _printf_llx                              0x00000000   Number         0  stubs.o ABSOLUTE
    _printf_longlong_dec                     0x00000000   Number         0  stubs.o ABSOLUTE
    _printf_longlong_hex                     0x00000000   Number         0  stubs.o ABSOLUTE
    _printf_longlong_oct                     0x00000000   Number         0  stubs.o ABSOLUTE
    _printf_ls                               0x00000000   Number         0  stubs.o ABSOLUTE
    _printf_mbtowc                           0x00000000   Number         0  stubs.o ABSOLUTE
    _printf_n                                0x00000000   Number         0  stubs.o ABSOLUTE
    _printf_o                                0x00000000   Number         0  stubs.o ABSOLUTE
    _printf_p                                0x00000000   Number         0  stubs.o ABSOLUTE
    _printf_percent                          0x00000000   Number         0  stubs.o ABSOLUTE
    _printf_pre_padding                      0x00000000   Number         0  stubs.o ABSOLUTE
    _printf_return_value                     0x00000000   Number         0  stubs.o ABSOLUTE
    _printf_s                                0x00000000   Number         0  stubs.o ABSOLUTE
    _printf_sizespec                         0x00000000   Number         0  stubs.o ABSOLUTE
    _printf_str                              0x00000000   Number         0  stubs.o ABSOLUTE
    _printf_truncate_signed                  0x00000000   Number         0  stubs.o ABSOLUTE
    _printf_truncate_unsigned                0x00000000   Number         0  stubs.o ABSOLUTE
    _printf_u                                0x00000000   Number         0  stubs.o ABSOLUTE
    _printf_wc                               0x00000000   Number         0  stubs.o ABSOLUTE
    _printf_wctomb                           0x00000000   Number         0  stubs.o ABSOLUTE
    _printf_widthprec                        0x00000000   Number         0  stubs.o ABSOLUTE
    _printf_x                                0x00000000   Number         0  stubs.o ABSOLUTE
    __cpp_initialize__aeabi_                  - Undefined Weak Reference
    __cxa_finalize                            - Undefined Weak Reference
    __decompress                              - Undefined Weak Reference
    _clock_init                               - Undefined Weak Reference
    _microlib_exit                            - Undefined Weak Reference
    __Vectors_End                            0x000001f4   Data           0  startup_m480.o(RESET)
    __Vectors_Size                           0x000001f4   Number         0  startup_m480.o ABSOLUTE
    __main                                   0x000001f5   Thumb Code     0  entry.o(.ARM.Collect$$$$00000000)
    _main_stk                                0x000001f5   Thumb Code     0  entry2.o(.ARM.Collect$$$$00000001)
    _main_scatterload                        0x000001f9   Thumb Code     0  entry5.o(.ARM.Collect$$$$00000004)
    __main_after_scatterload                 0x000001fd   Thumb Code     0  entry5.o(.ARM.Collect$$$$00000004)
    _main_clock                              0x000001fd   Thumb Code     0  entry7b.o(.ARM.Collect$$$$00000008)
    _main_cpp_init                           0x000001fd   Thumb Code     0  entry8b.o(.ARM.Collect$$$$0000000A)
    _main_init                               0x000001fd   Thumb Code     0  entry9a.o(.ARM.Collect$$$$0000000B)
    __rt_final_cpp                           0x00000205   Thumb Code     0  entry10a.o(.ARM.Collect$$$$0000000D)
    __rt_final_exit                          0x00000205   Thumb Code     0  entry11a.o(.ARM.Collect$$$$0000000F)
    HardFault_Handler                        0x00000209   Thumb Code    24  retarget.o(.emb_text)
    Reset_Handler                            0x00000225   Thumb Code    64  startup_m480.o(.text)
    NMI_Handler                              0x00000265   Thumb Code     2  startup_m480.o(.text)
    MemManage_Handler                        0x00000269   Thumb Code     2  startup_m480.o(.text)
    BusFault_Handler                         0x0000026b   Thumb Code     2  startup_m480.o(.text)
    UsageFault_Handler                       0x0000026d   Thumb Code     2  startup_m480.o(.text)
    SVC_Handler                              0x0000026f   Thumb Code     2  startup_m480.o(.text)
    DebugMon_Handler                         0x00000271   Thumb Code     2  startup_m480.o(.text)
    PendSV_Handler                           0x00000273   Thumb Code     2  startup_m480.o(.text)
    ACMP01_IRQHandler                        0x00000277   Thumb Code     0  startup_m480.o(.text)
    BOD_IRQHandler                           0x00000277   Thumb Code     0  startup_m480.o(.text)
    BPWM0_IRQHandler                         0x00000277   Thumb Code     0  startup_m480.o(.text)
    BPWM1_IRQHandler                         0x00000277   Thumb Code     0  startup_m480.o(.text)
    BRAKE0_IRQHandler                        0x00000277   Thumb Code     0  startup_m480.o(.text)
    BRAKE1_IRQHandler                        0x00000277   Thumb Code     0  startup_m480.o(.text)
    CAN1_IRQHandler                          0x00000277   Thumb Code     0  startup_m480.o(.text)
    CAN2_IRQHandler                          0x00000277   Thumb Code     0  startup_m480.o(.text)
    CCAP_IRQHandler                          0x00000277   Thumb Code     0  startup_m480.o(.text)
    CKFAIL_IRQHandler                        0x00000277   Thumb Code     0  startup_m480.o(.text)
    CRYPTO_IRQHandler                        0x00000277   Thumb Code     0  startup_m480.o(.text)
    DAC_IRQHandler                           0x00000277   Thumb Code     0  startup_m480.o(.text)
    EADC00_IRQHandler                        0x00000277   Thumb Code     0  startup_m480.o(.text)
    EADC01_IRQHandler                        0x00000277   Thumb Code     0  startup_m480.o(.text)
    EADC02_IRQHandler                        0x00000277   Thumb Code     0  startup_m480.o(.text)
    EADC03_IRQHandler                        0x00000277   Thumb Code     0  startup_m480.o(.text)
    EADC10_IRQHandler                        0x00000277   Thumb Code     0  startup_m480.o(.text)
    EADC11_IRQHandler                        0x00000277   Thumb Code     0  startup_m480.o(.text)
    EADC12_IRQHandler                        0x00000277   Thumb Code     0  startup_m480.o(.text)
    EADC13_IRQHandler                        0x00000277   Thumb Code     0  startup_m480.o(.text)
    ECAP0_IRQHandler                         0x00000277   Thumb Code     0  startup_m480.o(.text)
    ECAP1_IRQHandler                         0x00000277   Thumb Code     0  startup_m480.o(.text)
    EHCI_IRQHandler                          0x00000277   Thumb Code     0  startup_m480.o(.text)
    EINT0_IRQHandler                         0x00000277   Thumb Code     0  startup_m480.o(.text)
    EINT1_IRQHandler                         0x00000277   Thumb Code     0  startup_m480.o(.text)
    EINT2_IRQHandler                         0x00000277   Thumb Code     0  startup_m480.o(.text)
    EINT3_IRQHandler                         0x00000277   Thumb Code     0  startup_m480.o(.text)
    EINT4_IRQHandler                         0x00000277   Thumb Code     0  startup_m480.o(.text)
    EINT5_IRQHandler                         0x00000277   Thumb Code     0  startup_m480.o(.text)
    EINT6_IRQHandler                         0x00000277   Thumb Code     0  startup_m480.o(.text)
    EINT7_IRQHandler                         0x00000277   Thumb Code     0  startup_m480.o(.text)
    EMAC_RX_IRQHandler                       0x00000277   Thumb Code     0  startup_m480.o(.text)
    EMAC_TX_IRQHandler                       0x00000277   Thumb Code     0  startup_m480.o(.text)
    EPWM0P0_IRQHandler                       0x00000277   Thumb Code     0  startup_m480.o(.text)
    EPWM0P1_IRQHandler                       0x00000277   Thumb Code     0  startup_m480.o(.text)
    EPWM0P2_IRQHandler                       0x00000277   Thumb Code     0  startup_m480.o(.text)
    EPWM1P0_IRQHandler                       0x00000277   Thumb Code     0  startup_m480.o(.text)
    EPWM1P1_IRQHandler                       0x00000277   Thumb Code     0  startup_m480.o(.text)
    EPWM1P2_IRQHandler                       0x00000277   Thumb Code     0  startup_m480.o(.text)
    GPA_IRQHandler                           0x00000277   Thumb Code     0  startup_m480.o(.text)
    GPB_IRQHandler                           0x00000277   Thumb Code     0  startup_m480.o(.text)
    GPC_IRQHandler                           0x00000277   Thumb Code     0  startup_m480.o(.text)
    GPD_IRQHandler                           0x00000277   Thumb Code     0  startup_m480.o(.text)
    GPE_IRQHandler                           0x00000277   Thumb Code     0  startup_m480.o(.text)
    GPF_IRQHandler                           0x00000277   Thumb Code     0  startup_m480.o(.text)
    GPG_IRQHandler                           0x00000277   Thumb Code     0  startup_m480.o(.text)
    GPH_IRQHandler                           0x00000277   Thumb Code     0  startup_m480.o(.text)
    I2C0_IRQHandler                          0x00000277   Thumb Code     0  startup_m480.o(.text)
    I2C1_IRQHandler                          0x00000277   Thumb Code     0  startup_m480.o(.text)
    I2C2_IRQHandler                          0x00000277   Thumb Code     0  startup_m480.o(.text)
    I2S0_IRQHandler                          0x00000277   Thumb Code     0  startup_m480.o(.text)
    IRC_IRQHandler                           0x00000277   Thumb Code     0  startup_m480.o(.text)
    OHCI_IRQHandler                          0x00000277   Thumb Code     0  startup_m480.o(.text)
    OPA0_IRQHandler                          0x00000277   Thumb Code     0  startup_m480.o(.text)
    PDMA_IRQHandler                          0x00000277   Thumb Code     0  startup_m480.o(.text)
    PWRWU_IRQHandler                         0x00000277   Thumb Code     0  startup_m480.o(.text)
    QEI0_IRQHandler                          0x00000277   Thumb Code     0  startup_m480.o(.text)
    QEI1_IRQHandler                          0x00000277   Thumb Code     0  startup_m480.o(.text)
    QSPI0_IRQHandler                         0x00000277   Thumb Code     0  startup_m480.o(.text)
    QSPI1_IRQHandler                         0x00000277   Thumb Code     0  startup_m480.o(.text)
    RAMPE_IRQHandler                         0x00000277   Thumb Code     0  startup_m480.o(.text)
    RTC_IRQHandler                           0x00000277   Thumb Code     0  startup_m480.o(.text)
    SC0_IRQHandler                           0x00000277   Thumb Code     0  startup_m480.o(.text)
    SC1_IRQHandler                           0x00000277   Thumb Code     0  startup_m480.o(.text)
    SC2_IRQHandler                           0x00000277   Thumb Code     0  startup_m480.o(.text)
    SDH0_IRQHandler                          0x00000277   Thumb Code     0  startup_m480.o(.text)
    SDH1_IRQHandler                          0x00000277   Thumb Code     0  startup_m480.o(.text)
    SPI0_IRQHandler                          0x00000277   Thumb Code     0  startup_m480.o(.text)
    SPI1_IRQHandler                          0x00000277   Thumb Code     0  startup_m480.o(.text)
    SPI2_IRQHandler                          0x00000277   Thumb Code     0  startup_m480.o(.text)
    SPI3_IRQHandler                          0x00000277   Thumb Code     0  startup_m480.o(.text)
    SPIM_IRQHandler                          0x00000277   Thumb Code     0  startup_m480.o(.text)
    TAMPER_IRQHandler                        0x00000277   Thumb Code     0  startup_m480.o(.text)
    TMR0_IRQHandler                          0x00000277   Thumb Code     0  startup_m480.o(.text)
    TMR2_IRQHandler                          0x00000277   Thumb Code     0  startup_m480.o(.text)
    TMR3_IRQHandler                          0x00000277   Thumb Code     0  startup_m480.o(.text)
    TRNG_IRQHandler                          0x00000277   Thumb Code     0  startup_m480.o(.text)
    UART1_IRQHandler                         0x00000277   Thumb Code     0  startup_m480.o(.text)
    UART2_IRQHandler                         0x00000277   Thumb Code     0  startup_m480.o(.text)
    UART3_IRQHandler                         0x00000277   Thumb Code     0  startup_m480.o(.text)
    UART4_IRQHandler                         0x00000277   Thumb Code     0  startup_m480.o(.text)
    UART5_IRQHandler                         0x00000277   Thumb Code     0  startup_m480.o(.text)
    UART6_IRQHandler                         0x00000277   Thumb Code     0  startup_m480.o(.text)
    UART7_IRQHandler                         0x00000277   Thumb Code     0  startup_m480.o(.text)
    USBD20_IRQHandler                        0x00000277   Thumb Code     0  startup_m480.o(.text)
    USBD_IRQHandler                          0x00000277   Thumb Code     0  startup_m480.o(.text)
    USBOTG20_IRQHandler                      0x00000277   Thumb Code     0  startup_m480.o(.text)
    USBOTG_IRQHandler                        0x00000277   Thumb Code     0  startup_m480.o(.text)
    USCI0_IRQHandler                         0x00000277   Thumb Code     0  startup_m480.o(.text)
    USCI1_IRQHandler                         0x00000277   Thumb Code     0  startup_m480.o(.text)
    WDT_IRQHandler                           0x00000277   Thumb Code     0  startup_m480.o(.text)
    WWDT_IRQHandler                          0x00000277   Thumb Code     0  startup_m480.o(.text)
    __aeabi_uldivmod                         0x0000028d   Thumb Code    98  uldiv.o(.text)
    __aeabi_memcpy                           0x000002ef   Thumb Code    36  memcpya.o(.text)
    __aeabi_memcpy4                          0x000002ef   Thumb Code     0  memcpya.o(.text)
    __aeabi_memcpy8                          0x000002ef   Thumb Code     0  memcpya.o(.text)
    strlen                                   0x00000313   Thumb Code    14  strlen.o(.text)
    __aeabi_llsl                             0x00000321   Thumb Code    30  llshl.o(.text)
    _ll_shift_l                              0x00000321   Thumb Code     0  llshl.o(.text)
    __aeabi_llsr                             0x0000033f   Thumb Code    32  llushr.o(.text)
    _ll_ushift_r                             0x0000033f   Thumb Code     0  llushr.o(.text)
    __scatterload                            0x00000361   Thumb Code    28  init.o(.text)
    __scatterload_rt2                        0x00000361   Thumb Code     0  init.o(.text)
    CAN0_IRQHandler                          0x00000385   Thumb Code     6  main.o(i.CAN0_IRQHandler)
    CAN_BasicReceiveMsg                      0x00000391   Thumb Code   138  can.o(i.CAN_BasicReceiveMsg)
    CAN_BasicSendMsg                         0x0000041d   Thumb Code   170  can.o(i.CAN_BasicSendMsg)
    CAN_CLR_INT_PENDING_BIT                  0x000004d1   Thumb Code    44  can.o(i.CAN_CLR_INT_PENDING_BIT)
    CAN_EnableInt                            0x000004fd   Thumb Code    16  can.o(i.CAN_EnableInt)
    CAN_IRQHandler                           0x0000050d   Thumb Code   150  main.o(i.CAN_IRQHandler)
    CAN_Init                                 0x000005e5   Thumb Code    10  main.o(i.CAN_Init)
    CAN_IsNewDataReceived                    0x000005f9   Thumb Code    24  can.o(i.CAN_IsNewDataReceived)
    CAN_LeaveInitMode                        0x00000611   Thumb Code    28  can.o(i.CAN_LeaveInitMode)
    CAN_MsgInterrupt                         0x00000631   Thumb Code    26  main.o(i.CAN_MsgInterrupt)
    CAN_Open                                 0x00000651   Thumb Code    28  can.o(i.CAN_Open)
    CAN_ReadMsgObj                           0x0000066d   Thumb Code   200  can.o(i.CAN_ReadMsgObj)
    CAN_Receive                              0x00000739   Thumb Code    38  can.o(i.CAN_Receive)
    CAN_SetBaudRate                          0x00000761   Thumb Code   378  can.o(i.CAN_SetBaudRate)
    CAN_SetRxMsg                             0x000008fd   Thumb Code    60  can.o(i.CAN_SetRxMsg)
    CAN_SetRxMsgObj                          0x00000939   Thumb Code   128  can.o(i.CAN_SetRxMsgObj)
    CAN_SetRxMsgObj_Remote                   0x000009b9   Thumb Code   136  can.o(i.CAN_SetRxMsgObj_Remote)
    CAN_SetRxMsg_Remote                      0x00000a41   Thumb Code    60  can.o(i.CAN_SetRxMsg_Remote)
    CAN_SetTxMsg                             0x00000a7d   Thumb Code   146  can.o(i.CAN_SetTxMsg)
    CAN_Setup                                0x00000b11   Thumb Code    26  main.o(i.CAN_Setup)
    CAN_ShowMsg                              0x00000b31   Thumb Code    98  main.o(i.CAN_ShowMsg)
    CAN_Transmit                             0x00000c01   Thumb Code    62  can.o(i.CAN_Transmit)
    CAN_TriggerTxMsg                         0x00000c41   Thumb Code    96  can.o(i.CAN_TriggerTxMsg)
    CLK_DisablePLL                           0x00000ca5   Thumb Code    18  clk.o(i.CLK_DisablePLL)
    CLK_EnableModuleClock                    0x00000cb9   Thumb Code    24  clk.o(i.CLK_EnableModuleClock)
    CLK_EnablePLL                            0x00000cd5   Thumb Code   308  clk.o(i.CLK_EnablePLL)
    CLK_EnableXtalRC                         0x00000e29   Thumb Code    16  clk.o(i.CLK_EnableXtalRC)
    CLK_GetCPUFreq                           0x00000e39   Thumb Code    12  clk.o(i.CLK_GetCPUFreq)
    CLK_GetHCLKFreq                          0x00000e49   Thumb Code    12  clk.o(i.CLK_GetHCLKFreq)
    CLK_GetHXTFreq                           0x00000e59   Thumb Code    16  clk.o(i.CLK_GetHXTFreq)
    CLK_GetLXTFreq                           0x00000e6d   Thumb Code    22  clk.o(i.CLK_GetLXTFreq)
    CLK_GetPCLK0Freq                         0x00000e85   Thumb Code    96  clk.o(i.CLK_GetPCLK0Freq)
    CLK_GetPCLK1Freq                         0x00000ee9   Thumb Code    98  clk.o(i.CLK_GetPCLK1Freq)
    CLK_GetPLLClockFreq                      0x00000f51   Thumb Code    66  clk.o(i.CLK_GetPLLClockFreq)
    CLK_SetCoreClock                         0x00000fa1   Thumb Code   128  clk.o(i.CLK_SetCoreClock)
    CLK_SetHCLK                              0x00001025   Thumb Code    98  clk.o(i.CLK_SetHCLK)
    CLK_SetModuleClock                       0x00001089   Thumb Code   140  clk.o(i.CLK_SetModuleClock)
    CLK_WaitClockReady                       0x0000111d   Thumb Code    52  clk.o(i.CLK_WaitClockReady)
    DEVICE_SetRxMsg                          0x00001159   Thumb Code   102  main.o(i.DEVICE_SetRxMsg)
    DEVICE_SetTxMsg_Remote_Frame             0x000011dd   Thumb Code    98  main.o(i.DEVICE_SetTxMsg_Remote_Frame)
    DEVICE_Tx                                0x0000127d   Thumb Code   188  main.o(i.DEVICE_Tx)
    GPIO_Init                                0x00001391   Thumb Code    66  main.o(i.GPIO_Init)
    GPIO_SetMode                             0x000013d9   Thumb Code    44  gpio.o(i.GPIO_SetMode)
    Hard_Fault_Handler                       0x00001405   Thumb Code    16  retarget.o(i.Hard_Fault_Handler)
    RS_PIN_Init                              0x000014f9   Thumb Code    60  main.o(i.RS_PIN_Init)
    SYS_ClearResetSrc                        0x0000158d   Thumb Code    12  sys.o(i.SYS_ClearResetSrc)
    SYS_GetResetSrc                          0x00001599   Thumb Code     8  sys.o(i.SYS_GetResetSrc)
    SYS_Init                                 0x000015a1   Thumb Code   146  main.o(i.SYS_Init)
    SYS_ResetChip                            0x00001645   Thumb Code    14  sys.o(i.SYS_ResetChip)
    SYS_ResetModule                          0x00001655   Thumb Code    20  sys.o(i.SYS_ResetModule)
    SysTick_Handler                          0x000016ad   Thumb Code    18  main.o(i.SysTick_Handler)
    SysTick_enable                           0x000016c5   Thumb Code    56  main.o(i.SysTick_enable)
    SystemCoreClockUpdate                    0x00001721   Thumb Code    64  system_m480.o(i.SystemCoreClockUpdate)
    SystemInit                               0x00001769   Thumb Code   108  system_m480.o(i.SystemInit)
    TIMER1_Init                              0x000017e1   Thumb Code    42  main.o(i.TIMER1_Init)
    TIMER_GetModuleClock                     0x00001811   Thumb Code   102  timer.o(i.TIMER_GetModuleClock)
    TIMER_Open                               0x00001889   Thumb Code    54  timer.o(i.TIMER_Open)
    TMR1_IRQHandler                          0x000018c1   Thumb Code    56  main.o(i.TMR1_IRQHandler)
    UART0_IRQHandler                         0x00001901   Thumb Code    48  main.o(i.UART0_IRQHandler)
    UART0_Init                               0x00001935   Thumb Code   148  main.o(i.UART0_Init)
    UART_ClearIntFlag                        0x00001a6d   Thumb Code    56  uart.o(i.UART_ClearIntFlag)
    UART_Open                                0x00001aa9   Thumb Code   246  uart.o(i.UART_Open)
    UART_SetTimeoutCnt                       0x00001bc1   Thumb Code    20  uart.o(i.UART_SetTimeoutCnt)
    UARTx_Process                            0x00001bd5   Thumb Code   114  main.o(i.UARTx_Process)
    __0printf$8                              0x00001c79   Thumb Code    22  printf8.o(i.__0printf$8)
    __1printf$8                              0x00001c79   Thumb Code     0  printf8.o(i.__0printf$8)
    __2printf                                0x00001c79   Thumb Code     0  printf8.o(i.__0printf$8)
    __scatterload_copy                       0x00001c99   Thumb Code    14  handlers.o(i.__scatterload_copy)
    __scatterload_null                       0x00001ca7   Thumb Code     2  handlers.o(i.__scatterload_null)
    __scatterload_zeroinit                   0x00001ca9   Thumb Code    14  handlers.o(i.__scatterload_zeroinit)
    check_reset_source                       0x00002165   Thumb Code   264  main.o(i.check_reset_source)
    fputc                                    0x0000247d   Thumb Code    12  retarget.o(i.fputc)
    loop                                     0x00002489   Thumb Code    44  main.o(i.loop)
    main                                     0x000024c1   Thumb Code    46  main.o(i.main)
    systick_counter                          0x00002599   Thumb Code    10  main.o(i.systick_counter)
    tick_counter                             0x000025a9   Thumb Code    24  main.o(i.tick_counter)
    Region$$Table$$Base                      0x0000263c   Number         0  anon$$obj.o(Region$$Table)
    Region$$Table$$Limit                     0x0000265c   Number         0  anon$$obj.o(Region$$Table)
    SystemCoreClock                          0x20000000   Data           4  system_m480.o(.data)
    CyclesPerUs                              0x20000004   Data           4  system_m480.o(.data)
    PllClock                                 0x20000008   Data           4  system_m480.o(.data)
    gau32ClkSrcTbl                           0x2000000c   Data          32  system_m480.o(.data)
    __stdout                                 0x2000002c   Data           4  retarget.o(.data)
    g_CLK_i32ErrCode                         0x20000030   Data           4  clk.o(.data)
    counter_systick                          0x20000040   Data           4  main.o(.data)
    counter_tick                             0x20000044   Data           4  main.o(.data)
    flag_PROJ_CTL                            0x2000004c   Data           4  main.o(.data)
    rrMsg                                    0x20000050   Data          24  main.o(.bss)
    __initial_sp                             0x20000868   Data           0  startup_m480.o(STACK)



==============================================================================

Memory Map of the image

  Image Entry point : 0x00000225

  Load Region LR_1 (Base: 0x00000000, Size: 0x000026ac, Max: 0xffffffff, ABSOLUTE)

    Execution Region ER_RO (Exec base: 0x00000000, Load base: 0x00000000, Size: 0x0000265c, Max: 0xffffffff, ABSOLUTE)

    Exec Addr    Load Addr    Size         Type   Attr      Idx    E Section Name        Object

    0x00000000   0x00000000   0x000001f4   Data   RO          327    RESET               startup_m480.o
    0x000001f4   0x000001f4   0x00000000   Code   RO         1612  * .ARM.Collect$$$$00000000  mc_w.l(entry.o)
    0x000001f4   0x000001f4   0x00000004   Code   RO         1882    .ARM.Collect$$$$00000001  mc_w.l(entry2.o)
    0x000001f8   0x000001f8   0x00000004   Code   RO         1885    .ARM.Collect$$$$00000004  mc_w.l(entry5.o)
    0x000001fc   0x000001fc   0x00000000   Code   RO         1887    .ARM.Collect$$$$00000008  mc_w.l(entry7b.o)
    0x000001fc   0x000001fc   0x00000000   Code   RO         1889    .ARM.Collect$$$$0000000A  mc_w.l(entry8b.o)
    0x000001fc   0x000001fc   0x00000008   Code   RO         1890    .ARM.Collect$$$$0000000B  mc_w.l(entry9a.o)
    0x00000204   0x00000204   0x00000000   Code   RO         1892    .ARM.Collect$$$$0000000D  mc_w.l(entry10a.o)
    0x00000204   0x00000204   0x00000000   Code   RO         1894    .ARM.Collect$$$$0000000F  mc_w.l(entry11a.o)
    0x00000204   0x00000204   0x00000004   Code   RO         1883    .ARM.Collect$$$$00002712  mc_w.l(entry2.o)
    0x00000208   0x00000208   0x0000001c   Code   RO          335    .emb_text           retarget.o
    0x00000224   0x00000224   0x00000068   Code   RO          328  * .text               startup_m480.o
    0x0000028c   0x0000028c   0x00000062   Code   RO         1613    .text               mc_w.l(uldiv.o)
    0x000002ee   0x000002ee   0x00000024   Code   RO         1615    .text               mc_w.l(memcpya.o)
    0x00000312   0x00000312   0x0000000e   Code   RO         1617    .text               mc_w.l(strlen.o)
    0x00000320   0x00000320   0x0000001e   Code   RO         1898    .text               mc_w.l(llshl.o)
    0x0000033e   0x0000033e   0x00000020   Code   RO         1900    .text               mc_w.l(llushr.o)
    0x0000035e   0x0000035e   0x00000002   PAD
    0x00000360   0x00000360   0x00000024   Code   RO         1913    .text               mc_w.l(init.o)
    0x00000384   0x00000384   0x0000000c   Code   RO         1167    i.CAN0_IRQHandler   main.o
    0x00000390   0x00000390   0x0000008a   Code   RO          969    i.CAN_BasicReceiveMsg  can.o
    0x0000041a   0x0000041a   0x00000002   PAD
    0x0000041c   0x0000041c   0x000000b4   Code   RO          970    i.CAN_BasicSendMsg  can.o
    0x000004d0   0x000004d0   0x0000002c   Code   RO          971    i.CAN_CLR_INT_PENDING_BIT  can.o
    0x000004fc   0x000004fc   0x00000010   Code   RO          974    i.CAN_EnableInt     can.o
    0x0000050c   0x0000050c   0x000000d8   Code   RO         1168    i.CAN_IRQHandler    main.o
    0x000005e4   0x000005e4   0x00000014   Code   RO         1169    i.CAN_Init          main.o
    0x000005f8   0x000005f8   0x00000018   Code   RO          978    i.CAN_IsNewDataReceived  can.o
    0x00000610   0x00000610   0x00000020   Code   RO          979    i.CAN_LeaveInitMode  can.o
    0x00000630   0x00000630   0x00000020   Code   RO         1170    i.CAN_MsgInterrupt  main.o
    0x00000650   0x00000650   0x0000001c   Code   RO          981    i.CAN_Open          can.o
    0x0000066c   0x0000066c   0x000000cc   Code   RO          982    i.CAN_ReadMsgObj    can.o
    0x00000738   0x00000738   0x00000026   Code   RO          983    i.CAN_Receive       can.o
    0x0000075e   0x0000075e   0x00000002   PAD
    0x00000760   0x00000760   0x0000019c   Code   RO          984    i.CAN_SetBaudRate   can.o
    0x000008fc   0x000008fc   0x0000003c   Code   RO          986    i.CAN_SetRxMsg      can.o
    0x00000938   0x00000938   0x00000080   Code   RO          988    i.CAN_SetRxMsgObj   can.o
    0x000009b8   0x000009b8   0x00000088   Code   RO          990    i.CAN_SetRxMsgObj_Remote  can.o
    0x00000a40   0x00000a40   0x0000003c   Code   RO          991    i.CAN_SetRxMsg_Remote  can.o
    0x00000a7c   0x00000a7c   0x00000092   Code   RO          992    i.CAN_SetTxMsg      can.o
    0x00000b0e   0x00000b0e   0x00000002   PAD
    0x00000b10   0x00000b10   0x00000020   Code   RO         1171    i.CAN_Setup         main.o
    0x00000b30   0x00000b30   0x000000d0   Code   RO         1172    i.CAN_ShowMsg       main.o
    0x00000c00   0x00000c00   0x0000003e   Code   RO          993    i.CAN_Transmit      can.o
    0x00000c3e   0x00000c3e   0x00000002   PAD
    0x00000c40   0x00000c40   0x00000064   Code   RO          994    i.CAN_TriggerTxMsg  can.o
    0x00000ca4   0x00000ca4   0x00000012   Code   RO          623    i.CLK_DisablePLL    clk.o
    0x00000cb6   0x00000cb6   0x00000002   PAD
    0x00000cb8   0x00000cb8   0x0000001c   Code   RO          628    i.CLK_EnableModuleClock  clk.o
    0x00000cd4   0x00000cd4   0x00000154   Code   RO          629    i.CLK_EnablePLL     clk.o
    0x00000e28   0x00000e28   0x00000010   Code   RO          632    i.CLK_EnableXtalRC  clk.o
    0x00000e38   0x00000e38   0x00000010   Code   RO          633    i.CLK_GetCPUFreq    clk.o
    0x00000e48   0x00000e48   0x00000010   Code   RO          634    i.CLK_GetHCLKFreq   clk.o
    0x00000e58   0x00000e58   0x00000014   Code   RO          635    i.CLK_GetHXTFreq    clk.o
    0x00000e6c   0x00000e6c   0x00000016   Code   RO          636    i.CLK_GetLXTFreq    clk.o
    0x00000e82   0x00000e82   0x00000002   PAD
    0x00000e84   0x00000e84   0x00000064   Code   RO          639    i.CLK_GetPCLK0Freq  clk.o
    0x00000ee8   0x00000ee8   0x00000068   Code   RO          640    i.CLK_GetPCLK1Freq  clk.o
    0x00000f50   0x00000f50   0x00000050   Code   RO          641    i.CLK_GetPLLClockFreq  clk.o
    0x00000fa0   0x00000fa0   0x00000084   Code   RO          645    i.CLK_SetCoreClock  clk.o
    0x00001024   0x00001024   0x00000062   Code   RO          646    i.CLK_SetHCLK       clk.o
    0x00001086   0x00001086   0x00000002   PAD
    0x00001088   0x00001088   0x00000094   Code   RO          647    i.CLK_SetModuleClock  clk.o
    0x0000111c   0x0000111c   0x0000003c   Code   RO          650    i.CLK_WaitClockReady  clk.o
    0x00001158   0x00001158   0x00000084   Code   RO         1173    i.DEVICE_SetRxMsg   main.o
    0x000011dc   0x000011dc   0x000000a0   Code   RO         1174    i.DEVICE_SetTxMsg_Remote_Frame  main.o
    0x0000127c   0x0000127c   0x00000114   Code   RO         1175    i.DEVICE_Tx         main.o
    0x00001390   0x00001390   0x00000048   Code   RO         1176    i.GPIO_Init         main.o
    0x000013d8   0x000013d8   0x0000002c   Code   RO          826    i.GPIO_SetMode      gpio.o
    0x00001404   0x00001404   0x00000028   Code   RO          336    i.Hard_Fault_Handler  retarget.o
    0x0000142c   0x0000142c   0x00000078   Code   RO          996    i.LockIF            can.o
    0x000014a4   0x000014a4   0x0000001c   Code   RO          997    i.LockIF_TL         can.o
    0x000014c0   0x000014c0   0x00000016   Code   RO         1177    i.NVIC_EnableIRQ    main.o
    0x000014d6   0x000014d6   0x00000020   Code   RO         1178    i.NVIC_SetPriority  main.o
    0x000014f6   0x000014f6   0x00000002   PAD
    0x000014f8   0x000014f8   0x00000040   Code   RO         1179    i.RS_PIN_Init       main.o
    0x00001538   0x00001538   0x00000054   Code   RO          998    i.ReleaseIF         can.o
    0x0000158c   0x0000158c   0x0000000c   Code   RO          531    i.SYS_ClearResetSrc  sys.o
    0x00001598   0x00001598   0x00000008   Code   RO          535    i.SYS_GetResetSrc   sys.o
    0x000015a0   0x000015a0   0x000000a4   Code   RO         1180    i.SYS_Init          main.o
    0x00001644   0x00001644   0x0000000e   Code   RO          539    i.SYS_ResetChip     sys.o
    0x00001652   0x00001652   0x00000002   PAD
    0x00001654   0x00001654   0x00000018   Code   RO          540    i.SYS_ResetModule   sys.o
    0x0000166c   0x0000166c   0x00000020   Code   RO         1181    i.SYS_UnlockReg     main.o
    0x0000168c   0x0000168c   0x00000020   Code   RO          338    i.SendChar          retarget.o
    0x000016ac   0x000016ac   0x00000018   Code   RO         1182    i.SysTick_Handler   main.o
    0x000016c4   0x000016c4   0x0000005c   Code   RO         1184    i.SysTick_enable    main.o
    0x00001720   0x00001720   0x00000048   Code   RO            4    i.SystemCoreClockUpdate  system_m480.o
    0x00001768   0x00001768   0x00000078   Code   RO            5    i.SystemInit        system_m480.o
    0x000017e0   0x000017e0   0x00000030   Code   RO         1185    i.TIMER1_Init       main.o
    0x00001810   0x00001810   0x00000078   Code   RO          880    i.TIMER_GetModuleClock  timer.o
    0x00001888   0x00001888   0x00000036   Code   RO          881    i.TIMER_Open        timer.o
    0x000018be   0x000018be   0x00000002   PAD
    0x000018c0   0x000018c0   0x00000040   Code   RO         1186    i.TMR1_IRQHandler   main.o
    0x00001900   0x00001900   0x00000034   Code   RO         1187    i.UART0_IRQHandler  main.o
    0x00001934   0x00001934   0x00000138   Code   RO         1188    i.UART0_Init        main.o
    0x00001a6c   0x00001a6c   0x0000003c   Code   RO          428    i.UART_ClearIntFlag  uart.o
    0x00001aa8   0x00001aa8   0x00000118   Code   RO          434    i.UART_Open         uart.o
    0x00001bc0   0x00001bc0   0x00000014   Code   RO          440    i.UART_SetTimeoutCnt  uart.o
    0x00001bd4   0x00001bd4   0x000000a4   Code   RO         1189    i.UARTx_Process     main.o
    0x00001c78   0x00001c78   0x00000020   Code   RO         1828    i.__0printf$8       mc_w.l(printf8.o)
    0x00001c98   0x00001c98   0x0000000e   Code   RO         1921    i.__scatterload_copy  mc_w.l(handlers.o)
    0x00001ca6   0x00001ca6   0x00000002   Code   RO         1922    i.__scatterload_null  mc_w.l(handlers.o)
    0x00001ca8   0x00001ca8   0x0000000e   Code   RO         1923    i.__scatterload_zeroinit  mc_w.l(handlers.o)
    0x00001cb6   0x00001cb6   0x00000002   PAD
    0x00001cb8   0x00001cb8   0x00000410   Code   RO         1835    i._printf_core      mc_w.l(printf8.o)
    0x000020c8   0x000020c8   0x00000024   Code   RO         1836    i._printf_post_padding  mc_w.l(printf8.o)
    0x000020ec   0x000020ec   0x0000002e   Code   RO         1837    i._printf_pre_padding  mc_w.l(printf8.o)
    0x0000211a   0x0000211a   0x00000048   Code   RO          999    i.can_update_spt    can.o
    0x00002162   0x00002162   0x00000002   PAD
    0x00002164   0x00002164   0x00000318   Code   RO         1190    i.check_reset_source  main.o
    0x0000247c   0x0000247c   0x0000000c   Code   RO          342    i.fputc             retarget.o
    0x00002488   0x00002488   0x00000038   Code   RO         1194    i.loop              main.o
    0x000024c0   0x000024c0   0x0000002e   Code   RO         1195    i.main              main.o
    0x000024ee   0x000024ee   0x00000002   PAD
    0x000024f0   0x000024f0   0x000000a8   Code   RO          344    i.stackDump         retarget.o
    0x00002598   0x00002598   0x00000010   Code   RO         1198    i.systick_counter   main.o
    0x000025a8   0x000025a8   0x0000001c   Code   RO         1199    i.tick_counter      main.o
    0x000025c4   0x000025c4   0x00000030   Data   RO          442    .constdata          uart.o
    0x000025f4   0x000025f4   0x00000020   Data   RO          885    .constdata          timer.o
    0x00002614   0x00002614   0x00000027   Data   RO         1201    .constdata          main.o
    0x0000263b   0x0000263b   0x00000001   PAD
    0x0000263c   0x0000263c   0x00000020   Data   RO         1919    Region$$Table       anon$$obj.o


    Execution Region ER_RW (Exec base: 0x20000000, Load base: 0x0000265c, Size: 0x00000050, Max: 0xffffffff, ABSOLUTE)

    Exec Addr    Load Addr    Size         Type   Attr      Idx    E Section Name        Object

    0x20000000   0x0000265c   0x0000002c   Data   RW            6    .data               system_m480.o
    0x2000002c   0x00002688   0x00000004   Data   RW          345    .data               retarget.o
    0x20000030   0x0000268c   0x00000004   Data   RW          652    .data               clk.o
    0x20000034   0x00002690   0x00000006   Data   RW         1000    .data               can.o
    0x2000003a   0x00002696   0x00000002   PAD
    0x2000003c   0x00002698   0x00000014   Data   RW         1202    .data               main.o


    Execution Region ER_ZI (Exec base: 0x20000050, Load base: 0x000026ac, Size: 0x00000818, Max: 0xffffffff, ABSOLUTE)

    Exec Addr    Load Addr    Size         Type   Attr      Idx    E Section Name        Object

    0x20000050        -       0x00000018   Zero   RW         1200    .bss                main.o
    0x20000068        -       0x00000800   Zero   RW          325    STACK               startup_m480.o


==============================================================================

Image component sizes


      Code (inc. data)   RO Data    RW Data    ZI Data      Debug   Object Name

      2112         90          0          6          0      19357   can.o
      1198         92          0          4          0      11924   clk.o
        44          0          0          0          0       1071   gpio.o
      3168       1236         39         20         24     166118   main.o
       280        130          0          4          0       4975   retarget.o
       104         20        500          0       2048        944   startup_m480.o
        58          4          0          0          0       2244   sys.o
       192         20          0         44          0      58907   system_m480.o
       174         18         32          0          0       2148   timer.o
       360         38         48          0          0       2709   uart.o

    ----------------------------------------------------------------------
      7714       1648        652         80       2072     270397   Object Totals
         0          0         32          0          0          0   (incl. Generated)
        24          0          1          2          0          0   (incl. Padding)

    ----------------------------------------------------------------------

      Code (inc. data)   RO Data    RW Data    ZI Data      Debug   Library Member Name

         0          0          0          0          0          0   entry.o
         0          0          0          0          0          0   entry10a.o
         0          0          0          0          0          0   entry11a.o
         8          4          0          0          0          0   entry2.o
         4          0          0          0          0          0   entry5.o
         0          0          0          0          0          0   entry7b.o
         0          0          0          0          0          0   entry8b.o
         8          4          0          0          0          0   entry9a.o
        30          0          0          0          0          0   handlers.o
        36          8          0          0          0         68   init.o
        30          0          0          0          0         68   llshl.o
        32          0          0          0          0         68   llushr.o
        36          0          0          0          0         68   memcpya.o
      1154         54          0          0          0        352   printf8.o
        14          0          0          0          0         68   strlen.o
        98          0          0          0          0         92   uldiv.o

    ----------------------------------------------------------------------
      1454         70          0          0          0        784   Library Totals
         4          0          0          0          0          0   (incl. Padding)

    ----------------------------------------------------------------------

      Code (inc. data)   RO Data    RW Data    ZI Data      Debug   Library Name

      1450         70          0          0          0        784   mc_w.l

    ----------------------------------------------------------------------
      1454         70          0          0          0        784   Library Totals

    ----------------------------------------------------------------------

==============================================================================


      Code (inc. data)   RO Data    RW Data    ZI Data      Debug   

      9168       1718        652         80       2072     263773   Grand Totals
      9168       1718        652         80       2072     263773   ELF Image Totals
      9168       1718        652         80          0          0   ROM Totals

==============================================================================

    Total RO  Size (Code + RO Data)                 9820 (   9.59kB)
    Total RW  Size (RW Data + ZI Data)              2152 (   2.10kB)
    Total ROM Size (Code + RO Data + RW Data)       9900 (   9.67kB)

==============================================================================

